[     441ms] [ERROR] Failed to load resource: the server responded with a status of 500 (Internal Server Error) @ http://localhost:3000/login:0
[    1707ms] Error: ./apps/frontend/src/app/chat/[id]/page.tsx:5:1
Module not found: Can't resolve '@/contexts/auth-context'
  3 | import { useState, useEffect, useRef, useCallback } from 'react';
  4 | import { useParams, useRouter } from 'next/navigation';
> 5 | import { useAuth } from '@/contexts/auth-context';
    | ^^^^^^^^^^^^^^^^^^^^^^^^^^^^^^^^^^^^^^^^^^^^^^^^^^
  6 | import { getSocketService, Message } from '@/lib/socket';
  7 | import chatService from '@/services/chat-service';
  8 | import { useChat } from '@/contexts/chat-context';

Import map: aliased to relative './src/contexts/auth-context' inside of [project]/apps/frontend


Import traces:
  Client Component Browser:
    ./apps/frontend/src/app/chat/[id]/page.tsx [Client Component Browser]
    ./apps/frontend/src/app/chat/[id]/page.tsx [Server Component]

  Client Component SSR:
    ./apps/frontend/src/app/chat/[id]/page.tsx [Client Component SSR]
    ./apps/frontend/src/app/chat/[id]/page.tsx [Server Component]

https://nextjs.org/docs/messages/module-not-found


    at <unknown> (Error: ./apps/frontend/src/app/chat/[id]/page.tsx:5:1)
    at <unknown> (https://nextjs.org/docs/messages/module-not-found)
    at Object.getCompilationErrors (file:///var/www/html/test/node-chat/fullstack-chat/node_modules/next/dist/server/dev/hot-reloader-turbopack.js:1008:59)
    at DevBundlerService.getCompilationError (file:///var/www/html/test/node-chat/fullstack-chat/node_modules/next/dist/server/lib/dev-bundler-service.js:44:55)
    at DevServer.getCompilationError (file:///var/www/html/test/node-chat/fullstack-chat/node_modules/next/dist/server/dev/next-dev-server.js:706:42)
    at DevServer.findPageComponents (file:///var/www/html/test/node-chat/fullstack-chat/node_modules/next/dist/server/dev/next-dev-server.js:676:43)
    at async DevServer.renderErrorToResponseImpl (file:///var/www/html/test/node-chat/fullstack-chat/node_modules/next/dist/server/base-server.js:1713:26)
[    1689ms] [ERROR] ./apps/frontend/src/app/chat/[id]/page.tsx:5:1
Module not found: Can't resolve '@/contexts/auth-context'
  3 | import { useState, useEffect, useRef, useCallback } from 'react';
  4 | import { useParams, useRouter } from 'next/navigation';
> 5 | import { useAuth } from '@/contexts/auth-context';
    | ^^^^^^^^^^^^^^^^^^^^^^^^^^^^^^^^^^^^^^^^^^^^^^^^^^
  6 | import { getSocketService, Message } from '@/lib/socket';
  7 | import chatService from '@/services/chat-service';
  8 | import { useChat } from '@/contexts/chat-context';

Import map: aliased to relative './src/contexts/auth-context' inside of [project]/apps/frontend

Import traces:
  Client Component Browser:
    ./apps/frontend/src/app/chat/[id]/page.tsx [Client Component Browser]
    ./apps/frontend/src/app/chat/[id]/page.tsx [Server Component]

  Client Component SSR:
    ./apps/frontend/src/app/chat/[id]/page.tsx [Client Component SSR]
    ./apps/frontend/src/app/chat/[id]/page.tsx [Server Component]

https://nextjs.org/docs/messages/module-not-found @ http://localhost:3000/_next/static/chunks/node_modules_next_dist_b3fb3b5f._.js:1920
[    1690ms] [ERROR] ./apps/frontend/src/app/chat/[id]/page.tsx:8:1
Module not found: Can't resolve '@/contexts/chat-context'
   6 | import { getSocketService, Message } from '@/lib/socket';
   7 | import chatService from '@/services/chat-service';
>  8 | import { useChat } from '@/contexts/chat-context';
     | ^^^^^^^^^^^^^^^^^^^^^^^^^^^^^^^^^^^^^^^^^^^^^^^^^^
   9 |
  10 | export default function ChatPage() {
  11 |   const { id: chatId } = useParams<{ id: string }>();

Import map: aliased to relative './src/contexts/chat-context' inside of [project]/apps/frontend

Import traces:
  Client Component Browser:
    ./apps/frontend/src/app/chat/[id]/page.tsx [Client Component Browser]
    ./apps/frontend/src/app/chat/[id]/page.tsx [Server Component]

  Client Component SSR:
    ./apps/frontend/src/app/chat/[id]/page.tsx [Client Component SSR]
    ./apps/frontend/src/app/chat/[id]/page.tsx [Server Component]

https://nextjs.org/docs/messages/module-not-found @ http://localhost:3000/_next/static/chunks/node_modules_next_dist_b3fb3b5f._.js:1920
[    1691ms] [ERROR] ./apps/frontend/src/app/chat/[id]/page.tsx:7:1
Module not found: Can't resolve '@/services/chat-service'
   5 | import { useAuth } from '@/contexts/auth-context';
   6 | import { getSocketService, Message } from '@/lib/socket';
>  7 | import chatService from '@/services/chat-service';
     | ^^^^^^^^^^^^^^^^^^^^^^^^^^^^^^^^^^^^^^^^^^^^^^^^^^
   8 | import { useChat } from '@/contexts/chat-context';
   9 |
  10 | export default function ChatPage() {

Import map: aliased to relative './src/services/chat-service' inside of [project]/apps/frontend

Import traces:
  Client Component Browser:
    ./apps/frontend/src/app/chat/[id]/page.tsx [Client Component Browser]
    ./apps/frontend/src/app/chat/[id]/page.tsx [Server Component]

  Client Component SSR:
    ./apps/frontend/src/app/chat/[id]/page.tsx [Client Component SSR]
    ./apps/frontend/src/app/chat/[id]/page.tsx [Server Component]

https://nextjs.org/docs/messages/module-not-found @ http://localhost:3000/_next/static/chunks/node_modules_next_dist_b3fb3b5f._.js:1920
[    1711ms] [ERROR] Failed to load resource: the server responded with a status of 404 (Not Found) @ http://localhost:3000/favicon.ico:0
[    1945ms] [ERROR] ./apps/frontend/src/app/chat/[id]/page.tsx:5:1
Module not found: Can't resolve '@/contexts/auth-context'
  3 | import { useState, useEffect, useRef, useCallback } from 'react';
  4 | import { useParams, useRouter } from 'next/navigation';
> 5 | import { useAuth } from '@/contexts/auth-context';
    | ^^^^^^^^^^^^^^^^^^^^^^^^^^^^^^^^^^^^^^^^^^^^^^^^^^
  6 | import { getSocketService, Message } from '@/lib/socket';
  7 | import chatService from '@/services/chat-service';
  8 | import { useChat } from '@/contexts/chat-context';

Import map: aliased to relative './src/contexts/auth-context' inside of [project]/apps/frontend

Import traces:
  Client Component Browser:
    ./apps/frontend/src/app/chat/[id]/page.tsx [Client Component Browser]
    ./apps/frontend/src/app/chat/[id]/page.tsx [Server Component]

  Client Component SSR:
    ./apps/frontend/src/app/chat/[id]/page.tsx [Client Component SSR]
    ./apps/frontend/src/app/chat/[id]/page.tsx [Server Component]

https://nextjs.org/docs/messages/module-not-found @ http://localhost:3000/_next/static/chunks/node_modules_next_dist_b3fb3b5f._.js:1920
[    1946ms] [ERROR] ./apps/frontend/src/app/chat/[id]/page.tsx:8:1
Module not found: Can't resolve '@/contexts/chat-context'
   6 | import { getSocketService, Message } from '@/lib/socket';
   7 | import chatService from '@/services/chat-service';
>  8 | import { useChat } from '@/contexts/chat-context';
     | ^^^^^^^^^^^^^^^^^^^^^^^^^^^^^^^^^^^^^^^^^^^^^^^^^^
   9 |
  10 | export default function ChatPage() {
  11 |   const { id: chatId } = useParams<{ id: string }>();

Import map: aliased to relative './src/contexts/chat-context' inside of [project]/apps/frontend

Import traces:
  Client Component Browser:
    ./apps/frontend/src/app/chat/[id]/page.tsx [Client Component Browser]
    ./apps/frontend/src/app/chat/[id]/page.tsx [Server Component]

  Client Component SSR:
    ./apps/frontend/src/app/chat/[id]/page.tsx [Client Component SSR]
    ./apps/frontend/src/app/chat/[id]/page.tsx [Server Component]

https://nextjs.org/docs/messages/module-not-found @ http://localhost:3000/_next/static/chunks/node_modules_next_dist_b3fb3b5f._.js:1920
[    1947ms] [ERROR] ./apps/frontend/src/app/chat/[id]/page.tsx:7:1
Module not found: Can't resolve '@/services/chat-service'
   5 | import { useAuth } from '@/contexts/auth-context';
   6 | import { getSocketService, Message } from '@/lib/socket';
>  7 | import chatService from '@/services/chat-service';
     | ^^^^^^^^^^^^^^^^^^^^^^^^^^^^^^^^^^^^^^^^^^^^^^^^^^
   8 | import { useChat } from '@/contexts/chat-context';
   9 |
  10 | export default function ChatPage() {

Import map: aliased to relative './src/services/chat-service' inside of [project]/apps/frontend

Import traces:
  Client Component Browser:
    ./apps/frontend/src/app/chat/[id]/page.tsx [Client Component Browser]
    ./apps/frontend/src/app/chat/[id]/page.tsx [Server Component]

  Client Component SSR:
    ./apps/frontend/src/app/chat/[id]/page.tsx [Client Component SSR]
    ./apps/frontend/src/app/chat/[id]/page.tsx [Server Component]

https://nextjs.org/docs/messages/module-not-found @ http://localhost:3000/_next/static/chunks/node_modules_next_dist_b3fb3b5f._.js:1920
[  118398ms] [ERROR] ./apps/frontend/src/app/chat/[id]/page.tsx:5:1
Module not found: Can't resolve '@/contexts/auth-context'
  3 | import { useState, useEffect, useRef, useCallback } from 'react';
  4 | import { useParams, useRouter } from 'next/navigation';
> 5 | import { useAuth } from '@/contexts/auth-context';
    | ^^^^^^^^^^^^^^^^^^^^^^^^^^^^^^^^^^^^^^^^^^^^^^^^^^
  6 | import { getSocketService, Message } from '@/lib/socket';
  7 | import { chatService } from '@/services/chat.service';
  8 | import { useChat } from '@/contexts/chat-context';

Import map: aliased to relative './src/contexts/auth-context' inside of [project]/apps/frontend

Import traces:
  Client Component Browser:
    ./apps/frontend/src/app/chat/[id]/page.tsx [Client Component Browser]
    ./apps/frontend/src/app/chat/[id]/page.tsx [Server Component]

  Client Component SSR:
    ./apps/frontend/src/app/chat/[id]/page.tsx [Client Component SSR]
    ./apps/frontend/src/app/chat/[id]/page.tsx [Server Component]

https://nextjs.org/docs/messages/module-not-found @ http://localhost:3000/_next/static/chunks/node_modules_next_dist_b3fb3b5f._.js:1920
[  118399ms] [ERROR] ./apps/frontend/src/app/chat/[id]/page.tsx:8:1
Module not found: Can't resolve '@/contexts/chat-context'
   6 | import { getSocketService, Message } from '@/lib/socket';
   7 | import { chatService } from '@/services/chat.service';
>  8 | import { useChat } from '@/contexts/chat-context';
     | ^^^^^^^^^^^^^^^^^^^^^^^^^^^^^^^^^^^^^^^^^^^^^^^^^^
   9 |
  10 | export default function ChatPage() {
  11 |   const { id: chatId } = useParams<{ id: string }>();

Import map: aliased to relative './src/contexts/chat-context' inside of [project]/apps/frontend

Import traces:
  Client Component Browser:
    ./apps/frontend/src/app/chat/[id]/page.tsx [Client Component Browser]
    ./apps/frontend/src/app/chat/[id]/page.tsx [Server Component]

  Client Component SSR:
    ./apps/frontend/src/app/chat/[id]/page.tsx [Client Component SSR]
    ./apps/frontend/src/app/chat/[id]/page.tsx [Server Component]

https://nextjs.org/docs/messages/module-not-found @ http://localhost:3000/_next/static/chunks/node_modules_next_dist_b3fb3b5f._.js:1920
[  119864ms] [ERROR] ./apps/frontend/src/app/chat/[id]/page.tsx:5:1
Module not found: Can't resolve '@/contexts/auth-context'
  3 | import { useState, useEffect, useRef, useCallback } from 'react';
  4 | import { useParams, useRouter } from 'next/navigation';
> 5 | import { useAuth } from '@/contexts/auth-context';
    | ^^^^^^^^^^^^^^^^^^^^^^^^^^^^^^^^^^^^^^^^^^^^^^^^^^
  6 | import { getSocketService, Message } from '@/lib/socket';
  7 | import { chatService } from '@/services/chat.service';
  8 | import { useChat } from '@/contexts/chat-context';

Import map: aliased to relative './src/contexts/auth-context' inside of [project]/apps/frontend

Import traces:
  Client Component Browser:
    ./apps/frontend/src/app/chat/[id]/page.tsx [Client Component Browser]
    ./apps/frontend/src/app/chat/[id]/page.tsx [Server Component]

  Client Component SSR:
    ./apps/frontend/src/app/chat/[id]/page.tsx [Client Component SSR]
    ./apps/frontend/src/app/chat/[id]/page.tsx [Server Component]

https://nextjs.org/docs/messages/module-not-found @ http://localhost:3000/_next/static/chunks/node_modules_next_dist_b3fb3b5f._.js:1920
[  119871ms] [ERROR] ./apps/frontend/src/app/chat/[id]/page.tsx:8:1
Module not found: Can't resolve '@/contexts/chat-context'
   6 | import { getSocketService, Message } from '@/lib/socket';
   7 | import { chatService } from '@/services/chat.service';
>  8 | import { useChat } from '@/contexts/chat-context';
     | ^^^^^^^^^^^^^^^^^^^^^^^^^^^^^^^^^^^^^^^^^^^^^^^^^^
   9 |
  10 | export default function ChatPage() {
  11 |   const { id: chatId } = useParams<{ id: string }>();

Import map: aliased to relative './src/contexts/chat-context' inside of [project]/apps/frontend

Import traces:
  Client Component Browser:
    ./apps/frontend/src/app/chat/[id]/page.tsx [Client Component Browser]
    ./apps/frontend/src/app/chat/[id]/page.tsx [Server Component]

  Client Component SSR:
    ./apps/frontend/src/app/chat/[id]/page.tsx [Client Component SSR]
    ./apps/frontend/src/app/chat/[id]/page.tsx [Server Component]

https://nextjs.org/docs/messages/module-not-found @ http://localhost:3000/_next/static/chunks/node_modules_next_dist_b3fb3b5f._.js:1920
